// Jest Snapshot v1, https://goo.gl/fbAQLP

exports[`Header render Header 1`] = `
<div>
  <header
    class="app-header"
  >
    <h2>
      Test Counties App
    </h2>
  </header>
</div>
`;
