// Jest Snapshot v1, https://goo.gl/fbAQLP

exports[`PagesDropDown render PagesDropDown 1`] = `
<div>
  <div
    class="dropdownList-hide"
  />
</div>
`;
