// Jest Snapshot v1, https://goo.gl/fbAQLP

exports[`Pagination render Pagination 1`] = `
<div>
  <div
    class="pagination-hide"
  >
    <div>
      <span
        class="select-dropdown"
      >
         Page: 
        1
         
      </span>
    </div>
  </div>
</div>
`;
