// Jest Snapshot v1, https://goo.gl/fbAQLP

exports[`SearchDisplay render SearchDisplay 1`] = `
<div>
  <section
    class="search-display-hide"
  />
</div>
`;
